---
source: tui/src/status/tests.rs
assertion_line: 249
expression: sanitized
---
/status

╭──────────────────────────────────────────────────────────────╮
│  >_ OpenAI Codex                                             │
│    Kysion Build v1.0.0  ·  based on official v0.41.0         │
│                                                              │
│  Model:         gpt-5-codex (reasoning none, summaries auto) │
│  Directory: [[workspace]]                                    │
│  Approval:      on-request                                   │
│  Sandbox:       read-only                                    │
│  Agents.md:     <none>                                       │
│                                                              │
│  Token Usage:   750 total  (500 input + 250 output)          │
│  Limits:        data not available yet                       │
╰──────────────────────────────────────────────────────────────╯
